C:\Users\USUARIO\OneDrive\Documentos\NetBeansProjects\supermarket\src\main\java\co\edu\usta\tunja\supermarket\persistence\entity\ProductProviderEntity.java
C:\Users\USUARIO\OneDrive\Documentos\NetBeansProjects\supermarket\src\main\java\co\edu\usta\tunja\supermarket\persistence\entity\TaxPriceProductEntity.java
C:\Users\USUARIO\OneDrive\Documentos\NetBeansProjects\supermarket\src\main\java\co\edu\usta\tunja\supermarket\persistence\entity\PriceProductEntity.java
C:\Users\USUARIO\OneDrive\Documentos\NetBeansProjects\supermarket\src\main\java\co\edu\usta\tunja\supermarket\persistence\entity\TaxEntity.java
C:\Users\USUARIO\OneDrive\Documentos\NetBeansProjects\supermarket\src\main\java\co\edu\usta\tunja\supermarket\persistence\entity\ProviderEntity.java
C:\Users\USUARIO\OneDrive\Documentos\NetBeansProjects\supermarket\src\main\java\co\edu\usta\tunja\supermarket\persistence\entity\PersonEntity.java
C:\Users\USUARIO\OneDrive\Documentos\NetBeansProjects\supermarket\src\main\java\co\edu\usta\tunja\supermarket\persistence\entity\PersonTypeEntity.java
C:\Users\USUARIO\OneDrive\Documentos\NetBeansProjects\supermarket\src\main\java\co\edu\usta\tunja\supermarket\persistence\entity\TicketDetailEntity.java
C:\Users\USUARIO\OneDrive\Documentos\NetBeansProjects\supermarket\src\main\java\co\edu\usta\tunja\supermarket\model\Emp.java
C:\Users\USUARIO\OneDrive\Documentos\NetBeansProjects\supermarket\src\main\java\co\edu\usta\tunja\supermarket\persistence\entity\ProductTypeEntity.java
C:\Users\USUARIO\OneDrive\Documentos\NetBeansProjects\supermarket\src\main\java\co\edu\usta\tunja\supermarket\persistence\entity\TicketEntity.java
C:\Users\USUARIO\OneDrive\Documentos\NetBeansProjects\supermarket\src\main\java\co\edu\usta\tunja\supermarket\persistence\entity\ProductEntity.java
C:\Users\USUARIO\OneDrive\Documentos\NetBeansProjects\supermarket\src\main\java\co\edu\usta\tunja\supermarket\App.java
C:\Users\USUARIO\OneDrive\Documentos\NetBeansProjects\supermarket\src\main\java\co\edu\usta\tunja\supermarket\model\Dept.java
C:\Users\USUARIO\OneDrive\Documentos\NetBeansProjects\supermarket\src\main\java\co\edu\usta\tunja\supermarket\persistence\entity\PersonPersonTypeEntity.java
